// Jest Snapshot v1, https://goo.gl/fbAQLP

exports[`ItemPageTable matches snapshot 1`] = `
ShallowWrapper {
  "length": 1,
  Symbol(enzyme.__root__): [Circular],
  Symbol(enzyme.__unrendered__): <ItemTableContainer
    item={
      Object {
        "content": Object {
          "commonCoreStandardsDescription": "commonCoreStandardsDescription",
          "depthOfKnowledge": "depthOfKnowledge",
          "educationalDifficulty": "educationalDifficulty",
          "evidenceStatement": "evidenceStatement",
          "itemCardViewModel": Object {
            "bankKey": 1,
            "claimCode": "",
            "claimLabel": "",
            "grade": 1023,
            "gradeLabel": "",
            "interactionTypeCode": "",
            "interactionTypeLabel": "",
            "isPerformanceItem": true,
            "itemKey": 3,
            "subjectCode": "",
            "subjectLabel": "",
            "targetHash": 3123,
            "targetShortName": "",
            "title": "",
          },
          "rubrics": Array [],
          "targetDescription": "targetDescription",
        },
        "kind": "success",
      }
    }
    itemCards={
      Array [
        Object {
          "bankKey": 1,
          "claimCode": "",
          "claimLabel": "",
          "grade": 1023,
          "gradeLabel": "",
          "interactionTypeCode": "",
          "interactionTypeLabel": "",
          "isPerformanceItem": true,
          "itemKey": 3,
          "subjectCode": "",
          "subjectLabel": "",
          "targetHash": 3123,
          "targetShortName": "",
          "title": "",
        },
      ]
    }
    onRowSelection={[Function]}
  />,
  Symbol(enzyme.__renderer__): Object {
    "batchedUpdates": [Function],
    "getNode": [Function],
    "render": [Function],
    "simulateEvent": [Function],
    "unmount": [Function],
  },
  Symbol(enzyme.__node__): Object {
    "instance": null,
    "key": undefined,
    "nodeType": "host",
    "props": Object {
      "children": <table
        className="item-table mapcomponent-table"
      >
        <HeaderTable
          columns={
            Array [
              Object {
                "accessor": [Function],
                "className": "item",
                "compare": [Function],
                "header": "Item",
              },
              Object {
                "accessor": [Function],
                "className": "claimAndTarget",
                "compare": [Function],
                "header": "Claim/Target",
              },
              Object {
                "accessor": [Function],
                "className": "subject",
                "compare": [Function],
                "header": "Subject",
              },
              Object {
                "accessor": [Function],
                "className": "grade",
                "compare": [Function],
                "header": "Grade",
              },
              Object {
                "accessor": [Function],
                "className": "interactionType",
                "compare": [Function],
                "header": "Item Type",
              },
            ]
          }
          onHeaderClick={[Function]}
          sorts={Array []}
        />
        <ItemTable
          columns={
            Array [
              Object {
                "accessor": [Function],
                "className": "item",
                "compare": [Function],
                "header": "Item",
              },
              Object {
                "accessor": [Function],
                "className": "claimAndTarget",
                "compare": [Function],
                "header": "Claim/Target",
              },
              Object {
                "accessor": [Function],
                "className": "subject",
                "compare": [Function],
                "header": "Subject",
              },
              Object {
                "accessor": [Function],
                "className": "grade",
                "compare": [Function],
                "header": "Grade",
              },
              Object {
                "accessor": [Function],
                "className": "interactionType",
                "compare": [Function],
                "header": "Item Type",
              },
            ]
          }
          item={
            Object {
              "content": Object {
                "commonCoreStandardsDescription": "commonCoreStandardsDescription",
                "depthOfKnowledge": "depthOfKnowledge",
                "educationalDifficulty": "educationalDifficulty",
                "evidenceStatement": "evidenceStatement",
                "itemCardViewModel": Object {
                  "bankKey": 1,
                  "claimCode": "",
                  "claimLabel": "",
                  "grade": 1023,
                  "gradeLabel": "",
                  "interactionTypeCode": "",
                  "interactionTypeLabel": "",
                  "isPerformanceItem": true,
                  "itemKey": 3,
                  "subjectCode": "",
                  "subjectLabel": "",
                  "targetHash": 3123,
                  "targetShortName": "",
                  "title": "",
                },
                "rubrics": Array [],
                "targetDescription": "targetDescription",
              },
              "kind": "success",
            }
          }
          mapRows={
            Array [
              Object {
                "bankKey": 1,
                "claimCode": "",
                "claimLabel": "",
                "grade": 1023,
                "gradeLabel": "",
                "interactionTypeCode": "",
                "interactionTypeLabel": "",
                "isPerformanceItem": true,
                "itemKey": 3,
                "subjectCode": "",
                "subjectLabel": "",
                "targetHash": 3123,
                "targetShortName": "",
                "title": "",
              },
            ]
          }
          rowOnClick={[Function]}
          selectedRow={undefined}
          sort={Array []}
        />
      </table>,
    },
    "ref": null,
    "rendered": Object {
      "instance": null,
      "key": undefined,
      "nodeType": "host",
      "props": Object {
        "children": Array [
          <HeaderTable
            columns={
              Array [
                Object {
                  "accessor": [Function],
                  "className": "item",
                  "compare": [Function],
                  "header": "Item",
                },
                Object {
                  "accessor": [Function],
                  "className": "claimAndTarget",
                  "compare": [Function],
                  "header": "Claim/Target",
                },
                Object {
                  "accessor": [Function],
                  "className": "subject",
                  "compare": [Function],
                  "header": "Subject",
                },
                Object {
                  "accessor": [Function],
                  "className": "grade",
                  "compare": [Function],
                  "header": "Grade",
                },
                Object {
                  "accessor": [Function],
                  "className": "interactionType",
                  "compare": [Function],
                  "header": "Item Type",
                },
              ]
            }
            onHeaderClick={[Function]}
            sorts={Array []}
          />,
          <ItemTable
            columns={
              Array [
                Object {
                  "accessor": [Function],
                  "className": "item",
                  "compare": [Function],
                  "header": "Item",
                },
                Object {
                  "accessor": [Function],
                  "className": "claimAndTarget",
                  "compare": [Function],
                  "header": "Claim/Target",
                },
                Object {
                  "accessor": [Function],
                  "className": "subject",
                  "compare": [Function],
                  "header": "Subject",
                },
                Object {
                  "accessor": [Function],
                  "className": "grade",
                  "compare": [Function],
                  "header": "Grade",
                },
                Object {
                  "accessor": [Function],
                  "className": "interactionType",
                  "compare": [Function],
                  "header": "Item Type",
                },
              ]
            }
            item={
              Object {
                "content": Object {
                  "commonCoreStandardsDescription": "commonCoreStandardsDescription",
                  "depthOfKnowledge": "depthOfKnowledge",
                  "educationalDifficulty": "educationalDifficulty",
                  "evidenceStatement": "evidenceStatement",
                  "itemCardViewModel": Object {
                    "bankKey": 1,
                    "claimCode": "",
                    "claimLabel": "",
                    "grade": 1023,
                    "gradeLabel": "",
                    "interactionTypeCode": "",
                    "interactionTypeLabel": "",
                    "isPerformanceItem": true,
                    "itemKey": 3,
                    "subjectCode": "",
                    "subjectLabel": "",
                    "targetHash": 3123,
                    "targetShortName": "",
                    "title": "",
                  },
                  "rubrics": Array [],
                  "targetDescription": "targetDescription",
                },
                "kind": "success",
              }
            }
            mapRows={
              Array [
                Object {
                  "bankKey": 1,
                  "claimCode": "",
                  "claimLabel": "",
                  "grade": 1023,
                  "gradeLabel": "",
                  "interactionTypeCode": "",
                  "interactionTypeLabel": "",
                  "isPerformanceItem": true,
                  "itemKey": 3,
                  "subjectCode": "",
                  "subjectLabel": "",
                  "targetHash": 3123,
                  "targetShortName": "",
                  "title": "",
                },
              ]
            }
            rowOnClick={[Function]}
            selectedRow={undefined}
            sort={Array []}
          />,
        ],
        "className": "item-table mapcomponent-table",
      },
      "ref": null,
      "rendered": Array [
        Object {
          "instance": null,
          "key": undefined,
          "nodeType": "class",
          "props": Object {
            "columns": Array [
              Object {
                "accessor": [Function],
                "className": "item",
                "compare": [Function],
                "header": "Item",
              },
              Object {
                "accessor": [Function],
                "className": "claimAndTarget",
                "compare": [Function],
                "header": "Claim/Target",
              },
              Object {
                "accessor": [Function],
                "className": "subject",
                "compare": [Function],
                "header": "Subject",
              },
              Object {
                "accessor": [Function],
                "className": "grade",
                "compare": [Function],
                "header": "Grade",
              },
              Object {
                "accessor": [Function],
                "className": "interactionType",
                "compare": [Function],
                "header": "Item Type",
              },
            ],
            "onHeaderClick": [Function],
            "sorts": Array [],
          },
          "ref": null,
          "rendered": null,
          "type": [Function],
        },
        Object {
          "instance": null,
          "key": undefined,
          "nodeType": "class",
          "props": Object {
            "columns": Array [
              Object {
                "accessor": [Function],
                "className": "item",
                "compare": [Function],
                "header": "Item",
              },
              Object {
                "accessor": [Function],
                "className": "claimAndTarget",
                "compare": [Function],
                "header": "Claim/Target",
              },
              Object {
                "accessor": [Function],
                "className": "subject",
                "compare": [Function],
                "header": "Subject",
              },
              Object {
                "accessor": [Function],
                "className": "grade",
                "compare": [Function],
                "header": "Grade",
              },
              Object {
                "accessor": [Function],
                "className": "interactionType",
                "compare": [Function],
                "header": "Item Type",
              },
            ],
            "item": Object {
              "content": Object {
                "commonCoreStandardsDescription": "commonCoreStandardsDescription",
                "depthOfKnowledge": "depthOfKnowledge",
                "educationalDifficulty": "educationalDifficulty",
                "evidenceStatement": "evidenceStatement",
                "itemCardViewModel": Object {
                  "bankKey": 1,
                  "claimCode": "",
                  "claimLabel": "",
                  "grade": 1023,
                  "gradeLabel": "",
                  "interactionTypeCode": "",
                  "interactionTypeLabel": "",
                  "isPerformanceItem": true,
                  "itemKey": 3,
                  "subjectCode": "",
                  "subjectLabel": "",
                  "targetHash": 3123,
                  "targetShortName": "",
                  "title": "",
                },
                "rubrics": Array [],
                "targetDescription": "targetDescription",
              },
              "kind": "success",
            },
            "mapRows": Array [
              Object {
                "bankKey": 1,
                "claimCode": "",
                "claimLabel": "",
                "grade": 1023,
                "gradeLabel": "",
                "interactionTypeCode": "",
                "interactionTypeLabel": "",
                "isPerformanceItem": true,
                "itemKey": 3,
                "subjectCode": "",
                "subjectLabel": "",
                "targetHash": 3123,
                "targetShortName": "",
                "title": "",
              },
            ],
            "rowOnClick": [Function],
            "selectedRow": undefined,
            "sort": Array [],
          },
          "ref": null,
          "rendered": null,
          "type": [Function],
        },
      ],
      "type": "table",
    },
    "type": "div",
  },
  Symbol(enzyme.__nodes__): Array [
    Object {
      "instance": null,
      "key": undefined,
      "nodeType": "host",
      "props": Object {
        "children": <table
          className="item-table mapcomponent-table"
        >
          <HeaderTable
            columns={
              Array [
                Object {
                  "accessor": [Function],
                  "className": "item",
                  "compare": [Function],
                  "header": "Item",
                },
                Object {
                  "accessor": [Function],
                  "className": "claimAndTarget",
                  "compare": [Function],
                  "header": "Claim/Target",
                },
                Object {
                  "accessor": [Function],
                  "className": "subject",
                  "compare": [Function],
                  "header": "Subject",
                },
                Object {
                  "accessor": [Function],
                  "className": "grade",
                  "compare": [Function],
                  "header": "Grade",
                },
                Object {
                  "accessor": [Function],
                  "className": "interactionType",
                  "compare": [Function],
                  "header": "Item Type",
                },
              ]
            }
            onHeaderClick={[Function]}
            sorts={Array []}
          />
          <ItemTable
            columns={
              Array [
                Object {
                  "accessor": [Function],
                  "className": "item",
                  "compare": [Function],
                  "header": "Item",
                },
                Object {
                  "accessor": [Function],
                  "className": "claimAndTarget",
                  "compare": [Function],
                  "header": "Claim/Target",
                },
                Object {
                  "accessor": [Function],
                  "className": "subject",
                  "compare": [Function],
                  "header": "Subject",
                },
                Object {
                  "accessor": [Function],
                  "className": "grade",
                  "compare": [Function],
                  "header": "Grade",
                },
                Object {
                  "accessor": [Function],
                  "className": "interactionType",
                  "compare": [Function],
                  "header": "Item Type",
                },
              ]
            }
            item={
              Object {
                "content": Object {
                  "commonCoreStandardsDescription": "commonCoreStandardsDescription",
                  "depthOfKnowledge": "depthOfKnowledge",
                  "educationalDifficulty": "educationalDifficulty",
                  "evidenceStatement": "evidenceStatement",
                  "itemCardViewModel": Object {
                    "bankKey": 1,
                    "claimCode": "",
                    "claimLabel": "",
                    "grade": 1023,
                    "gradeLabel": "",
                    "interactionTypeCode": "",
                    "interactionTypeLabel": "",
                    "isPerformanceItem": true,
                    "itemKey": 3,
                    "subjectCode": "",
                    "subjectLabel": "",
                    "targetHash": 3123,
                    "targetShortName": "",
                    "title": "",
                  },
                  "rubrics": Array [],
                  "targetDescription": "targetDescription",
                },
                "kind": "success",
              }
            }
            mapRows={
              Array [
                Object {
                  "bankKey": 1,
                  "claimCode": "",
                  "claimLabel": "",
                  "grade": 1023,
                  "gradeLabel": "",
                  "interactionTypeCode": "",
                  "interactionTypeLabel": "",
                  "isPerformanceItem": true,
                  "itemKey": 3,
                  "subjectCode": "",
                  "subjectLabel": "",
                  "targetHash": 3123,
                  "targetShortName": "",
                  "title": "",
                },
              ]
            }
            rowOnClick={[Function]}
            selectedRow={undefined}
            sort={Array []}
          />
        </table>,
      },
      "ref": null,
      "rendered": Object {
        "instance": null,
        "key": undefined,
        "nodeType": "host",
        "props": Object {
          "children": Array [
            <HeaderTable
              columns={
                Array [
                  Object {
                    "accessor": [Function],
                    "className": "item",
                    "compare": [Function],
                    "header": "Item",
                  },
                  Object {
                    "accessor": [Function],
                    "className": "claimAndTarget",
                    "compare": [Function],
                    "header": "Claim/Target",
                  },
                  Object {
                    "accessor": [Function],
                    "className": "subject",
                    "compare": [Function],
                    "header": "Subject",
                  },
                  Object {
                    "accessor": [Function],
                    "className": "grade",
                    "compare": [Function],
                    "header": "Grade",
                  },
                  Object {
                    "accessor": [Function],
                    "className": "interactionType",
                    "compare": [Function],
                    "header": "Item Type",
                  },
                ]
              }
              onHeaderClick={[Function]}
              sorts={Array []}
            />,
            <ItemTable
              columns={
                Array [
                  Object {
                    "accessor": [Function],
                    "className": "item",
                    "compare": [Function],
                    "header": "Item",
                  },
                  Object {
                    "accessor": [Function],
                    "className": "claimAndTarget",
                    "compare": [Function],
                    "header": "Claim/Target",
                  },
                  Object {
                    "accessor": [Function],
                    "className": "subject",
                    "compare": [Function],
                    "header": "Subject",
                  },
                  Object {
                    "accessor": [Function],
                    "className": "grade",
                    "compare": [Function],
                    "header": "Grade",
                  },
                  Object {
                    "accessor": [Function],
                    "className": "interactionType",
                    "compare": [Function],
                    "header": "Item Type",
                  },
                ]
              }
              item={
                Object {
                  "content": Object {
                    "commonCoreStandardsDescription": "commonCoreStandardsDescription",
                    "depthOfKnowledge": "depthOfKnowledge",
                    "educationalDifficulty": "educationalDifficulty",
                    "evidenceStatement": "evidenceStatement",
                    "itemCardViewModel": Object {
                      "bankKey": 1,
                      "claimCode": "",
                      "claimLabel": "",
                      "grade": 1023,
                      "gradeLabel": "",
                      "interactionTypeCode": "",
                      "interactionTypeLabel": "",
                      "isPerformanceItem": true,
                      "itemKey": 3,
                      "subjectCode": "",
                      "subjectLabel": "",
                      "targetHash": 3123,
                      "targetShortName": "",
                      "title": "",
                    },
                    "rubrics": Array [],
                    "targetDescription": "targetDescription",
                  },
                  "kind": "success",
                }
              }
              mapRows={
                Array [
                  Object {
                    "bankKey": 1,
                    "claimCode": "",
                    "claimLabel": "",
                    "grade": 1023,
                    "gradeLabel": "",
                    "interactionTypeCode": "",
                    "interactionTypeLabel": "",
                    "isPerformanceItem": true,
                    "itemKey": 3,
                    "subjectCode": "",
                    "subjectLabel": "",
                    "targetHash": 3123,
                    "targetShortName": "",
                    "title": "",
                  },
                ]
              }
              rowOnClick={[Function]}
              selectedRow={undefined}
              sort={Array []}
            />,
          ],
          "className": "item-table mapcomponent-table",
        },
        "ref": null,
        "rendered": Array [
          Object {
            "instance": null,
            "key": undefined,
            "nodeType": "class",
            "props": Object {
              "columns": Array [
                Object {
                  "accessor": [Function],
                  "className": "item",
                  "compare": [Function],
                  "header": "Item",
                },
                Object {
                  "accessor": [Function],
                  "className": "claimAndTarget",
                  "compare": [Function],
                  "header": "Claim/Target",
                },
                Object {
                  "accessor": [Function],
                  "className": "subject",
                  "compare": [Function],
                  "header": "Subject",
                },
                Object {
                  "accessor": [Function],
                  "className": "grade",
                  "compare": [Function],
                  "header": "Grade",
                },
                Object {
                  "accessor": [Function],
                  "className": "interactionType",
                  "compare": [Function],
                  "header": "Item Type",
                },
              ],
              "onHeaderClick": [Function],
              "sorts": Array [],
            },
            "ref": null,
            "rendered": null,
            "type": [Function],
          },
          Object {
            "instance": null,
            "key": undefined,
            "nodeType": "class",
            "props": Object {
              "columns": Array [
                Object {
                  "accessor": [Function],
                  "className": "item",
                  "compare": [Function],
                  "header": "Item",
                },
                Object {
                  "accessor": [Function],
                  "className": "claimAndTarget",
                  "compare": [Function],
                  "header": "Claim/Target",
                },
                Object {
                  "accessor": [Function],
                  "className": "subject",
                  "compare": [Function],
                  "header": "Subject",
                },
                Object {
                  "accessor": [Function],
                  "className": "grade",
                  "compare": [Function],
                  "header": "Grade",
                },
                Object {
                  "accessor": [Function],
                  "className": "interactionType",
                  "compare": [Function],
                  "header": "Item Type",
                },
              ],
              "item": Object {
                "content": Object {
                  "commonCoreStandardsDescription": "commonCoreStandardsDescription",
                  "depthOfKnowledge": "depthOfKnowledge",
                  "educationalDifficulty": "educationalDifficulty",
                  "evidenceStatement": "evidenceStatement",
                  "itemCardViewModel": Object {
                    "bankKey": 1,
                    "claimCode": "",
                    "claimLabel": "",
                    "grade": 1023,
                    "gradeLabel": "",
                    "interactionTypeCode": "",
                    "interactionTypeLabel": "",
                    "isPerformanceItem": true,
                    "itemKey": 3,
                    "subjectCode": "",
                    "subjectLabel": "",
                    "targetHash": 3123,
                    "targetShortName": "",
                    "title": "",
                  },
                  "rubrics": Array [],
                  "targetDescription": "targetDescription",
                },
                "kind": "success",
              },
              "mapRows": Array [
                Object {
                  "bankKey": 1,
                  "claimCode": "",
                  "claimLabel": "",
                  "grade": 1023,
                  "gradeLabel": "",
                  "interactionTypeCode": "",
                  "interactionTypeLabel": "",
                  "isPerformanceItem": true,
                  "itemKey": 3,
                  "subjectCode": "",
                  "subjectLabel": "",
                  "targetHash": 3123,
                  "targetShortName": "",
                  "title": "",
                },
              ],
              "rowOnClick": [Function],
              "selectedRow": undefined,
              "sort": Array [],
            },
            "ref": null,
            "rendered": null,
            "type": [Function],
          },
        ],
        "type": "table",
      },
      "type": "div",
    },
  ],
  Symbol(enzyme.__options__): Object {
    "adapter": ReactSixteenAdapter {
      "options": Object {
        "enableComponentDidUpdateOnSetState": true,
      },
    },
  },
}
`;

exports[`ItemPageTable sorts list on header click 1`] = `"\\"<div><table class=\\\\\\"item-table mapcomponent-table\\\\\\"><thead><tr class=\\\\\\"primary\\\\\\"><th></th><th class=\\\\\\"item\\\\\\"><div class=\\\\\\"item\\\\\\"><span>Item</span><span style=\\\\\\"color: gray;\\\\\\" class=\\\\\\"fa fa-sort-asc\\\\\\" aria-hidden=\\\\\\"true\\\\\\"></span></div></th><th class=\\\\\\"claimAndTarget\\\\\\"><div class=\\\\\\"claimAndTarget\\\\\\"><span>Claim/Target</span><span style=\\\\\\"color: gray;\\\\\\" class=\\\\\\"fa fa-sort\\\\\\" aria-hidden=\\\\\\"true\\\\\\"></span></div></th><th class=\\\\\\"subject\\\\\\"><div class=\\\\\\"subject\\\\\\"><span>Subject</span><span style=\\\\\\"color: gray;\\\\\\" class=\\\\\\"fa fa-sort\\\\\\" aria-hidden=\\\\\\"true\\\\\\"></span></div></th><th class=\\\\\\"grade\\\\\\"><div class=\\\\\\"grade\\\\\\"><span>Grade</span><span style=\\\\\\"color: gray;\\\\\\" class=\\\\\\"fa fa-sort\\\\\\" aria-hidden=\\\\\\"true\\\\\\"></span></div></th><th class=\\\\\\"interactionType\\\\\\"><div class=\\\\\\"interactionType\\\\\\"><span>Item Type</span><span style=\\\\\\"color: gray;\\\\\\" class=\\\\\\"fa fa-sort\\\\\\" aria-hidden=\\\\\\"true\\\\\\"></span></div></th></tr></thead><tbody><tr class=\\\\\\"\\\\\\"><td><i style=\\\\\\"color: gray;\\\\\\" class=\\\\\\"fa fa-chevron-right fa-sm\\\\\\" aria-hidden=\\\\\\"true\\\\\\"></i></td><td class=\\\\\\"item\\\\\\"><div class=\\\\\\"item\\\\\\">3</div></td><td class=\\\\\\"claimAndTarget\\\\\\"><div class=\\\\\\"claimAndTarget\\\\\\">/</div></td><td class=\\\\\\"subject\\\\\\"><div class=\\\\\\"subject\\\\\\"></div></td><td class=\\\\\\"grade\\\\\\"><div class=\\\\\\"grade\\\\\\"></div></td><td class=\\\\\\"interactionType\\\\\\"><div class=\\\\\\"interactionType\\\\\\"></div></td></tr></tbody></table></div>\\""`;

exports[`ItemPageTable sorts list on header click 2`] = `"\\"<div><table class=\\\\\\"item-table mapcomponent-table\\\\\\"><thead><tr class=\\\\\\"primary\\\\\\"><th></th><th class=\\\\\\"item\\\\\\"><div class=\\\\\\"item\\\\\\"><span>Item</span><span style=\\\\\\"color: gray;\\\\\\" class=\\\\\\"fa fa-sort-asc\\\\\\" aria-hidden=\\\\\\"true\\\\\\"></span></div></th><th class=\\\\\\"claimAndTarget\\\\\\"><div class=\\\\\\"claimAndTarget\\\\\\"><span>Claim/Target</span><span style=\\\\\\"color: gray;\\\\\\" class=\\\\\\"fa fa-sort-asc\\\\\\" aria-hidden=\\\\\\"true\\\\\\"></span></div></th><th class=\\\\\\"subject\\\\\\"><div class=\\\\\\"subject\\\\\\"><span>Subject</span><span style=\\\\\\"color: gray;\\\\\\" class=\\\\\\"fa fa-sort\\\\\\" aria-hidden=\\\\\\"true\\\\\\"></span></div></th><th class=\\\\\\"grade\\\\\\"><div class=\\\\\\"grade\\\\\\"><span>Grade</span><span style=\\\\\\"color: gray;\\\\\\" class=\\\\\\"fa fa-sort\\\\\\" aria-hidden=\\\\\\"true\\\\\\"></span></div></th><th class=\\\\\\"interactionType\\\\\\"><div class=\\\\\\"interactionType\\\\\\"><span>Item Type</span><span style=\\\\\\"color: gray;\\\\\\" class=\\\\\\"fa fa-sort\\\\\\" aria-hidden=\\\\\\"true\\\\\\"></span></div></th></tr></thead><tbody><tr class=\\\\\\"\\\\\\"><td><i style=\\\\\\"color: gray;\\\\\\" class=\\\\\\"fa fa-chevron-right fa-sm\\\\\\" aria-hidden=\\\\\\"true\\\\\\"></i></td><td class=\\\\\\"item\\\\\\"><div class=\\\\\\"item\\\\\\">3</div></td><td class=\\\\\\"claimAndTarget\\\\\\"><div class=\\\\\\"claimAndTarget\\\\\\">/</div></td><td class=\\\\\\"subject\\\\\\"><div class=\\\\\\"subject\\\\\\"></div></td><td class=\\\\\\"grade\\\\\\"><div class=\\\\\\"grade\\\\\\"></div></td><td class=\\\\\\"interactionType\\\\\\"><div class=\\\\\\"interactionType\\\\\\"></div></td></tr></tbody></table></div>\\""`;

exports[`ItemPageTable sorts list on header click 3`] = `"\\"<div><table class=\\\\\\"item-table mapcomponent-table\\\\\\"><thead><tr class=\\\\\\"primary\\\\\\"><th></th><th class=\\\\\\"item\\\\\\"><div class=\\\\\\"item\\\\\\"><span>Item</span><span style=\\\\\\"color: gray;\\\\\\" class=\\\\\\"fa fa-sort-asc\\\\\\" aria-hidden=\\\\\\"true\\\\\\"></span></div></th><th class=\\\\\\"claimAndTarget\\\\\\"><div class=\\\\\\"claimAndTarget\\\\\\"><span>Claim/Target</span><span style=\\\\\\"color: gray;\\\\\\" class=\\\\\\"fa fa-sort-asc\\\\\\" aria-hidden=\\\\\\"true\\\\\\"></span></div></th><th class=\\\\\\"subject\\\\\\"><div class=\\\\\\"subject\\\\\\"><span>Subject</span><span style=\\\\\\"color: gray;\\\\\\" class=\\\\\\"fa fa-sort-asc\\\\\\" aria-hidden=\\\\\\"true\\\\\\"></span></div></th><th class=\\\\\\"grade\\\\\\"><div class=\\\\\\"grade\\\\\\"><span>Grade</span><span style=\\\\\\"color: gray;\\\\\\" class=\\\\\\"fa fa-sort\\\\\\" aria-hidden=\\\\\\"true\\\\\\"></span></div></th><th class=\\\\\\"interactionType\\\\\\"><div class=\\\\\\"interactionType\\\\\\"><span>Item Type</span><span style=\\\\\\"color: gray;\\\\\\" class=\\\\\\"fa fa-sort\\\\\\" aria-hidden=\\\\\\"true\\\\\\"></span></div></th></tr></thead><tbody><tr class=\\\\\\"\\\\\\"><td><i style=\\\\\\"color: gray;\\\\\\" class=\\\\\\"fa fa-chevron-right fa-sm\\\\\\" aria-hidden=\\\\\\"true\\\\\\"></i></td><td class=\\\\\\"item\\\\\\"><div class=\\\\\\"item\\\\\\">3</div></td><td class=\\\\\\"claimAndTarget\\\\\\"><div class=\\\\\\"claimAndTarget\\\\\\">/</div></td><td class=\\\\\\"subject\\\\\\"><div class=\\\\\\"subject\\\\\\"></div></td><td class=\\\\\\"grade\\\\\\"><div class=\\\\\\"grade\\\\\\"></div></td><td class=\\\\\\"interactionType\\\\\\"><div class=\\\\\\"interactionType\\\\\\"></div></td></tr></tbody></table></div>\\""`;

exports[`ItemPageTable sorts list on header click 4`] = `"\\"<div><table class=\\\\\\"item-table mapcomponent-table\\\\\\"><thead><tr class=\\\\\\"primary\\\\\\"><th></th><th class=\\\\\\"item\\\\\\"><div class=\\\\\\"item\\\\\\"><span>Item</span><span style=\\\\\\"color: gray;\\\\\\" class=\\\\\\"fa fa-sort-asc\\\\\\" aria-hidden=\\\\\\"true\\\\\\"></span></div></th><th class=\\\\\\"claimAndTarget\\\\\\"><div class=\\\\\\"claimAndTarget\\\\\\"><span>Claim/Target</span><span style=\\\\\\"color: gray;\\\\\\" class=\\\\\\"fa fa-sort-asc\\\\\\" aria-hidden=\\\\\\"true\\\\\\"></span></div></th><th class=\\\\\\"subject\\\\\\"><div class=\\\\\\"subject\\\\\\"><span>Subject</span><span style=\\\\\\"color: gray;\\\\\\" class=\\\\\\"fa fa-sort-asc\\\\\\" aria-hidden=\\\\\\"true\\\\\\"></span></div></th><th class=\\\\\\"grade\\\\\\"><div class=\\\\\\"grade\\\\\\"><span>Grade</span><span style=\\\\\\"color: gray;\\\\\\" class=\\\\\\"fa fa-sort-asc\\\\\\" aria-hidden=\\\\\\"true\\\\\\"></span></div></th><th class=\\\\\\"interactionType\\\\\\"><div class=\\\\\\"interactionType\\\\\\"><span>Item Type</span><span style=\\\\\\"color: gray;\\\\\\" class=\\\\\\"fa fa-sort\\\\\\" aria-hidden=\\\\\\"true\\\\\\"></span></div></th></tr></thead><tbody><tr class=\\\\\\"\\\\\\"><td><i style=\\\\\\"color: gray;\\\\\\" class=\\\\\\"fa fa-chevron-right fa-sm\\\\\\" aria-hidden=\\\\\\"true\\\\\\"></i></td><td class=\\\\\\"item\\\\\\"><div class=\\\\\\"item\\\\\\">3</div></td><td class=\\\\\\"claimAndTarget\\\\\\"><div class=\\\\\\"claimAndTarget\\\\\\">/</div></td><td class=\\\\\\"subject\\\\\\"><div class=\\\\\\"subject\\\\\\"></div></td><td class=\\\\\\"grade\\\\\\"><div class=\\\\\\"grade\\\\\\"></div></td><td class=\\\\\\"interactionType\\\\\\"><div class=\\\\\\"interactionType\\\\\\"></div></td></tr></tbody></table></div>\\""`;

exports[`ItemPageTable sorts list on header click 5`] = `"\\"<div><table class=\\\\\\"item-table mapcomponent-table\\\\\\"><thead><tr class=\\\\\\"primary\\\\\\"><th></th><th class=\\\\\\"item\\\\\\"><div class=\\\\\\"item\\\\\\"><span>Item</span><span style=\\\\\\"color: gray;\\\\\\" class=\\\\\\"fa fa-sort-asc\\\\\\" aria-hidden=\\\\\\"true\\\\\\"></span></div></th><th class=\\\\\\"claimAndTarget\\\\\\"><div class=\\\\\\"claimAndTarget\\\\\\"><span>Claim/Target</span><span style=\\\\\\"color: gray;\\\\\\" class=\\\\\\"fa fa-sort-asc\\\\\\" aria-hidden=\\\\\\"true\\\\\\"></span></div></th><th class=\\\\\\"subject\\\\\\"><div class=\\\\\\"subject\\\\\\"><span>Subject</span><span style=\\\\\\"color: gray;\\\\\\" class=\\\\\\"fa fa-sort-asc\\\\\\" aria-hidden=\\\\\\"true\\\\\\"></span></div></th><th class=\\\\\\"grade\\\\\\"><div class=\\\\\\"grade\\\\\\"><span>Grade</span><span style=\\\\\\"color: gray;\\\\\\" class=\\\\\\"fa fa-sort-asc\\\\\\" aria-hidden=\\\\\\"true\\\\\\"></span></div></th><th class=\\\\\\"interactionType\\\\\\"><div class=\\\\\\"interactionType\\\\\\"><span>Item Type</span><span style=\\\\\\"color: gray;\\\\\\" class=\\\\\\"fa fa-sort-asc\\\\\\" aria-hidden=\\\\\\"true\\\\\\"></span></div></th></tr></thead><tbody><tr class=\\\\\\"\\\\\\"><td><i style=\\\\\\"color: gray;\\\\\\" class=\\\\\\"fa fa-chevron-right fa-sm\\\\\\" aria-hidden=\\\\\\"true\\\\\\"></i></td><td class=\\\\\\"item\\\\\\"><div class=\\\\\\"item\\\\\\">3</div></td><td class=\\\\\\"claimAndTarget\\\\\\"><div class=\\\\\\"claimAndTarget\\\\\\">/</div></td><td class=\\\\\\"subject\\\\\\"><div class=\\\\\\"subject\\\\\\"></div></td><td class=\\\\\\"grade\\\\\\"><div class=\\\\\\"grade\\\\\\"></div></td><td class=\\\\\\"interactionType\\\\\\"><div class=\\\\\\"interactionType\\\\\\"></div></td></tr></tbody></table></div>\\""`;
