// Jest Snapshot v1, https://goo.gl/fbAQLP

exports[`ToolTip displays help when hovered 1`] = `
<span
  className="tool-tip-links "
  tabIndex={0}
>
  <span
    className="tool-tip-hoverable"
  >
    Sample text
     
    <span
      aria-hidden="true"
      className="fa fa-info-circle fa-sm"
    />
  </span>
  <span
    className="tool-tip-details"
  >
    <span
      className="tool-tip-message top "
    >
      <p>
        test
      </p>
    </span>
  </span>
</span>
`;

exports[`ToolTip matches snapshot 1`] = `
<span
  className="tool-tip-links "
  tabIndex={0}
>
  <span
    className="tool-tip-hoverable"
  >
    Sample text
     
    <span
      aria-hidden="true"
      className="fa fa-info-circle fa-sm"
    />
  </span>
  <span
    className="tool-tip-details"
  >
    <span
      className="tool-tip-message top "
    >
      <p>
        test
      </p>
    </span>
  </span>
</span>
`;
