// Jest Snapshot v1, https://goo.gl/fbAQLP

exports[`First page matches snapshot 1`] = `
ShallowWrapper {
  "length": 1,
  Symbol(enzyme.__root__): [Circular],
  Symbol(enzyme.__unrendered__): <CoverPage
    date={
      Object {
        "getDate": [Function],
        "getFullYear": [Function],
        "getMonth": [Function],
      }
    }
    grade="grade 3"
    subject="math"
  />,
  Symbol(enzyme.__renderer__): Object {
    "batchedUpdates": [Function],
    "getNode": [Function],
    "render": [Function],
    "simulateEvent": [Function],
    "unmount": [Function],
  },
  Symbol(enzyme.__node__): Object {
    "instance": null,
    "key": undefined,
    "nodeType": "host",
    "props": Object {
      "children": Array [
        <div
          className="first-page-title"
        >
          Smarter Balanced
          <br />
          Assessment Consortium
        </div>,
        <div
          className="first-page-subtitle"
        >
          math
           Practice Test Scoring Guide
          <br />
          <strong>
            grade 3
          </strong>
        </div>,
        <div
          className="first-page-date"
        >
          01
          /
          12
          /
          2017
        </div>,
      ],
      "className": "page first-page",
    },
    "ref": null,
    "rendered": Array [
      Object {
        "instance": null,
        "key": undefined,
        "nodeType": "host",
        "props": Object {
          "children": Array [
            "Smarter Balanced",
            <br />,
            "Assessment Consortium",
          ],
          "className": "first-page-title",
        },
        "ref": null,
        "rendered": Array [
          "Smarter Balanced",
          Object {
            "instance": null,
            "key": undefined,
            "nodeType": "host",
            "props": Object {},
            "ref": null,
            "rendered": null,
            "type": "br",
          },
          "Assessment Consortium",
        ],
        "type": "div",
      },
      Object {
        "instance": null,
        "key": undefined,
        "nodeType": "host",
        "props": Object {
          "children": Array [
            "math",
            " Practice Test Scoring Guide",
            <br />,
            <strong>
              grade 3
            </strong>,
          ],
          "className": "first-page-subtitle",
        },
        "ref": null,
        "rendered": Array [
          "math",
          " Practice Test Scoring Guide",
          Object {
            "instance": null,
            "key": undefined,
            "nodeType": "host",
            "props": Object {},
            "ref": null,
            "rendered": null,
            "type": "br",
          },
          Object {
            "instance": null,
            "key": undefined,
            "nodeType": "host",
            "props": Object {
              "children": "grade 3",
            },
            "ref": null,
            "rendered": "grade 3",
            "type": "strong",
          },
        ],
        "type": "div",
      },
      Object {
        "instance": null,
        "key": undefined,
        "nodeType": "host",
        "props": Object {
          "children": Array [
            "01",
            "/",
            "12",
            "/",
            "2017",
          ],
          "className": "first-page-date",
        },
        "ref": null,
        "rendered": Array [
          "01",
          "/",
          "12",
          "/",
          "2017",
        ],
        "type": "div",
      },
    ],
    "type": "div",
  },
  Symbol(enzyme.__nodes__): Array [
    Object {
      "instance": null,
      "key": undefined,
      "nodeType": "host",
      "props": Object {
        "children": Array [
          <div
            className="first-page-title"
          >
            Smarter Balanced
            <br />
            Assessment Consortium
          </div>,
          <div
            className="first-page-subtitle"
          >
            math
             Practice Test Scoring Guide
            <br />
            <strong>
              grade 3
            </strong>
          </div>,
          <div
            className="first-page-date"
          >
            01
            /
            12
            /
            2017
          </div>,
        ],
        "className": "page first-page",
      },
      "ref": null,
      "rendered": Array [
        Object {
          "instance": null,
          "key": undefined,
          "nodeType": "host",
          "props": Object {
            "children": Array [
              "Smarter Balanced",
              <br />,
              "Assessment Consortium",
            ],
            "className": "first-page-title",
          },
          "ref": null,
          "rendered": Array [
            "Smarter Balanced",
            Object {
              "instance": null,
              "key": undefined,
              "nodeType": "host",
              "props": Object {},
              "ref": null,
              "rendered": null,
              "type": "br",
            },
            "Assessment Consortium",
          ],
          "type": "div",
        },
        Object {
          "instance": null,
          "key": undefined,
          "nodeType": "host",
          "props": Object {
            "children": Array [
              "math",
              " Practice Test Scoring Guide",
              <br />,
              <strong>
                grade 3
              </strong>,
            ],
            "className": "first-page-subtitle",
          },
          "ref": null,
          "rendered": Array [
            "math",
            " Practice Test Scoring Guide",
            Object {
              "instance": null,
              "key": undefined,
              "nodeType": "host",
              "props": Object {},
              "ref": null,
              "rendered": null,
              "type": "br",
            },
            Object {
              "instance": null,
              "key": undefined,
              "nodeType": "host",
              "props": Object {
                "children": "grade 3",
              },
              "ref": null,
              "rendered": "grade 3",
              "type": "strong",
            },
          ],
          "type": "div",
        },
        Object {
          "instance": null,
          "key": undefined,
          "nodeType": "host",
          "props": Object {
            "children": Array [
              "01",
              "/",
              "12",
              "/",
              "2017",
            ],
            "className": "first-page-date",
          },
          "ref": null,
          "rendered": Array [
            "01",
            "/",
            "12",
            "/",
            "2017",
          ],
          "type": "div",
        },
      ],
      "type": "div",
    },
  ],
  Symbol(enzyme.__options__): Object {
    "adapter": ReactSixteenAdapter {
      "options": Object {
        "enableComponentDidUpdateOnSetState": true,
      },
    },
  },
}
`;
