// Jest Snapshot v1, https://goo.gl/fbAQLP

exports[`EvidenceStatement matches snapshot 1`] = `
ShallowWrapper {
  "length": 1,
  Symbol(enzyme.__root__): [Circular],
  Symbol(enzyme.__unrendered__): <ItemViewContainer
    itemData={
      Object {
        "passage": null,
        "questions": Array [
          Object {
            "data": Object {
              "associatedItems": "string",
              "commonCoreStandardsDescription": "string",
              "depthOfKnowledge": "string",
              "educationalDifficulty": "string",
              "evidenceStatement": "string",
              "itemCardViewModel": Object {
                "bankKey": 1,
                "claimCode": "234536",
                "claimLabel": "Math Claim",
                "commonCoreStandardId": "",
                "depthOfKnowledge": "",
                "domain": "MATH",
                "grade": 8,
                "gradeLabel": "grade 3",
                "interactionTypeCode": "",
                "interactionTypeLabel": "",
                "isPerformanceItem": false,
                "itemKey": 1,
                "subjectCode": "MATH",
                "subjectLabel": "math",
                "targetHash": 212,
                "targetId": "23463467",
                "targetShortName": "1-3",
                "title": "",
              },
              "rubrics": Array [
                Object {
                  "language": "english",
                  "rubricEntries": Array [
                    Object {
                      "name": "",
                      "scorepoint": "",
                      "value": "",
                    },
                  ],
                  "samples": Array [
                    Object {
                      "maxValue": "",
                      "minValue": "",
                      "sampleResponses": Array [
                        Object {
                          "name": "",
                          "purpose": "",
                          "sampleContent": "",
                          "scorePoint": "",
                        },
                      ],
                    },
                  ],
                },
              ],
              "targetDescription": "string",
            },
            "id": "12334",
            "questionNumber": 1,
            "view": Object {
              "captured": true,
              "html": null,
              "id": "12334",
              "picturePath": null,
              "type": 1,
            },
          },
        ],
      }
    }
  />,
  Symbol(enzyme.__renderer__): Object {
    "batchedUpdates": [Function],
    "getNode": [Function],
    "render": [Function],
    "simulateEvent": [Function],
    "unmount": [Function],
  },
  Symbol(enzyme.__node__): Object {
    "instance": null,
    "key": undefined,
    "nodeType": "host",
    "props": Object {
      "children": Array [
        null,
        Array [
          <QuestionView
            question={
              Object {
                "data": Object {
                  "associatedItems": "string",
                  "commonCoreStandardsDescription": "string",
                  "depthOfKnowledge": "string",
                  "educationalDifficulty": "string",
                  "evidenceStatement": "string",
                  "itemCardViewModel": Object {
                    "bankKey": 1,
                    "claimCode": "234536",
                    "claimLabel": "Math Claim",
                    "commonCoreStandardId": "",
                    "depthOfKnowledge": "",
                    "domain": "MATH",
                    "grade": 8,
                    "gradeLabel": "grade 3",
                    "interactionTypeCode": "",
                    "interactionTypeLabel": "",
                    "isPerformanceItem": false,
                    "itemKey": 1,
                    "subjectCode": "MATH",
                    "subjectLabel": "math",
                    "targetHash": 212,
                    "targetId": "23463467",
                    "targetShortName": "1-3",
                    "title": "",
                  },
                  "rubrics": Array [
                    Object {
                      "language": "english",
                      "rubricEntries": Array [
                        Object {
                          "name": "",
                          "scorepoint": "",
                          "value": "",
                        },
                      ],
                      "samples": Array [
                        Object {
                          "maxValue": "",
                          "minValue": "",
                          "sampleResponses": Array [
                            Object {
                              "name": "",
                              "purpose": "",
                              "sampleContent": "",
                              "scorePoint": "",
                            },
                          ],
                        },
                      ],
                    },
                  ],
                  "targetDescription": "string",
                },
                "id": "12334",
                "questionNumber": 1,
                "view": Object {
                  "captured": true,
                  "html": null,
                  "id": "12334",
                  "picturePath": null,
                  "type": 1,
                },
              }
            }
          />,
        ],
      ],
      "className": "page",
    },
    "ref": null,
    "rendered": Array [
      null,
      Object {
        "instance": null,
        "key": "1",
        "nodeType": "class",
        "props": Object {
          "question": Object {
            "data": Object {
              "associatedItems": "string",
              "commonCoreStandardsDescription": "string",
              "depthOfKnowledge": "string",
              "educationalDifficulty": "string",
              "evidenceStatement": "string",
              "itemCardViewModel": Object {
                "bankKey": 1,
                "claimCode": "234536",
                "claimLabel": "Math Claim",
                "commonCoreStandardId": "",
                "depthOfKnowledge": "",
                "domain": "MATH",
                "grade": 8,
                "gradeLabel": "grade 3",
                "interactionTypeCode": "",
                "interactionTypeLabel": "",
                "isPerformanceItem": false,
                "itemKey": 1,
                "subjectCode": "MATH",
                "subjectLabel": "math",
                "targetHash": 212,
                "targetId": "23463467",
                "targetShortName": "1-3",
                "title": "",
              },
              "rubrics": Array [
                Object {
                  "language": "english",
                  "rubricEntries": Array [
                    Object {
                      "name": "",
                      "scorepoint": "",
                      "value": "",
                    },
                  ],
                  "samples": Array [
                    Object {
                      "maxValue": "",
                      "minValue": "",
                      "sampleResponses": Array [
                        Object {
                          "name": "",
                          "purpose": "",
                          "sampleContent": "",
                          "scorePoint": "",
                        },
                      ],
                    },
                  ],
                },
              ],
              "targetDescription": "string",
            },
            "id": "12334",
            "questionNumber": 1,
            "view": Object {
              "captured": true,
              "html": null,
              "id": "12334",
              "picturePath": null,
              "type": 1,
            },
          },
        },
        "ref": null,
        "rendered": null,
        "type": [Function],
      },
    ],
    "type": "div",
  },
  Symbol(enzyme.__nodes__): Array [
    Object {
      "instance": null,
      "key": undefined,
      "nodeType": "host",
      "props": Object {
        "children": Array [
          null,
          Array [
            <QuestionView
              question={
                Object {
                  "data": Object {
                    "associatedItems": "string",
                    "commonCoreStandardsDescription": "string",
                    "depthOfKnowledge": "string",
                    "educationalDifficulty": "string",
                    "evidenceStatement": "string",
                    "itemCardViewModel": Object {
                      "bankKey": 1,
                      "claimCode": "234536",
                      "claimLabel": "Math Claim",
                      "commonCoreStandardId": "",
                      "depthOfKnowledge": "",
                      "domain": "MATH",
                      "grade": 8,
                      "gradeLabel": "grade 3",
                      "interactionTypeCode": "",
                      "interactionTypeLabel": "",
                      "isPerformanceItem": false,
                      "itemKey": 1,
                      "subjectCode": "MATH",
                      "subjectLabel": "math",
                      "targetHash": 212,
                      "targetId": "23463467",
                      "targetShortName": "1-3",
                      "title": "",
                    },
                    "rubrics": Array [
                      Object {
                        "language": "english",
                        "rubricEntries": Array [
                          Object {
                            "name": "",
                            "scorepoint": "",
                            "value": "",
                          },
                        ],
                        "samples": Array [
                          Object {
                            "maxValue": "",
                            "minValue": "",
                            "sampleResponses": Array [
                              Object {
                                "name": "",
                                "purpose": "",
                                "sampleContent": "",
                                "scorePoint": "",
                              },
                            ],
                          },
                        ],
                      },
                    ],
                    "targetDescription": "string",
                  },
                  "id": "12334",
                  "questionNumber": 1,
                  "view": Object {
                    "captured": true,
                    "html": null,
                    "id": "12334",
                    "picturePath": null,
                    "type": 1,
                  },
                }
              }
            />,
          ],
        ],
        "className": "page",
      },
      "ref": null,
      "rendered": Array [
        null,
        Object {
          "instance": null,
          "key": "1",
          "nodeType": "class",
          "props": Object {
            "question": Object {
              "data": Object {
                "associatedItems": "string",
                "commonCoreStandardsDescription": "string",
                "depthOfKnowledge": "string",
                "educationalDifficulty": "string",
                "evidenceStatement": "string",
                "itemCardViewModel": Object {
                  "bankKey": 1,
                  "claimCode": "234536",
                  "claimLabel": "Math Claim",
                  "commonCoreStandardId": "",
                  "depthOfKnowledge": "",
                  "domain": "MATH",
                  "grade": 8,
                  "gradeLabel": "grade 3",
                  "interactionTypeCode": "",
                  "interactionTypeLabel": "",
                  "isPerformanceItem": false,
                  "itemKey": 1,
                  "subjectCode": "MATH",
                  "subjectLabel": "math",
                  "targetHash": 212,
                  "targetId": "23463467",
                  "targetShortName": "1-3",
                  "title": "",
                },
                "rubrics": Array [
                  Object {
                    "language": "english",
                    "rubricEntries": Array [
                      Object {
                        "name": "",
                        "scorepoint": "",
                        "value": "",
                      },
                    ],
                    "samples": Array [
                      Object {
                        "maxValue": "",
                        "minValue": "",
                        "sampleResponses": Array [
                          Object {
                            "name": "",
                            "purpose": "",
                            "sampleContent": "",
                            "scorePoint": "",
                          },
                        ],
                      },
                    ],
                  },
                ],
                "targetDescription": "string",
              },
              "id": "12334",
              "questionNumber": 1,
              "view": Object {
                "captured": true,
                "html": null,
                "id": "12334",
                "picturePath": null,
                "type": 1,
              },
            },
          },
          "ref": null,
          "rendered": null,
          "type": [Function],
        },
      ],
      "type": "div",
    },
  ],
  Symbol(enzyme.__options__): Object {
    "adapter": ReactSixteenAdapter {
      "options": Object {
        "enableComponentDidUpdateOnSetState": true,
      },
    },
  },
}
`;
