// Jest Snapshot v1, https://goo.gl/fbAQLP

exports[`ItemCard renders correctly 1`] = `
<div
  className="card card-block ela"
  onClick={[Function]}
  onKeyUp={[Function]}
  role="link"
  tabIndex={0}
>
  <div
    className="card-contents"
  >
    <div
      className="card-header"
    >
      <h4
        className="card-title"
      >
        ELA
      </h4>
      <div
        className="card-icon-container"
      >
        <span
          className="card-grade-tag card-icon"
        >
          G5
        </span>
      </div>
    </div>
    <p
      className="card-text grade"
    >
      <span
        className="card-text-label"
      >
        Grade:
      </span>
      <span
        className="card-text-value"
      >
         
        Grade 4
      </span>
    </p>
    <p
      className="card-text claim"
    >
      <span
        className="card-text-label"
      >
        Claim:
      </span>
      <span
        className="card-text-value"
      >
         
        Claim
      </span>
    </p>
    <p
      className="card-text target"
    >
      <span
        className="card-text-label"
      >
        Target:
      </span>
      <span
        className="card-text-value"
      >
        <ToolTip
          className="box"
          displayIcon={true}
          displayText="dfas"
          helpText={
            <span>
              target description right hereeeee
            </span>
          }
        />
      </span>
    </p>
    <p
      className="card-text interaction-type"
    >
      <span
        className="card-text-label"
      >
        Item Type:
      </span>
      <span
        className="card-text-value"
      >
         Item Type
      </span>
    </p>
    <p
      className="card-text item-id"
    >
      <span
        className="card-text-label"
      >
        Item Id:
      </span>
      <span
        className="card-text-value"
      >
         
        3434
      </span>
    </p>
  </div>
</div>
`;
