// Jest Snapshot v1, https://goo.gl/fbAQLP

exports[`BasicFilterContainer can select dropdown filter options 1`] = `
<div
  className="bf-container section-light bf-expanded"
  id=""
>
  <div
    className="basic-filter"
  >
    <BasicFilter
      code="Grade"
      disabled={false}
      filterOptions={
        Array [
          Object {
            "filterType": "Grade",
            "isSelected": false,
            "key": "7",
            "label": "Grades 3-5",
          },
          Object {
            "filterType": "Grade",
            "isSelected": false,
            "key": "56",
            "label": "Grades 6-8",
          },
          Object {
            "filterType": "Grade",
            "isSelected": false,
            "key": "960",
            "label": "High School",
          },
        ]
      }
      key="0"
      label="Grade"
      selectedHandler={[Function]}
      type={3}
    />
    <BasicFilter
      code="Subject"
      disabled={false}
      filterOptions={
        Array [
          Object {
            "filterType": "Subject",
            "isSelected": false,
            "key": "ELA",
            "label": "English Literacy/ Arts",
          },
          Object {
            "filterType": "Subject",
            "isSelected": false,
            "key": "Math",
            "label": "Mathematics",
          },
        ]
      }
      key="1"
      label="Subjects"
      selectedHandler={[Function]}
      type={2}
    />
  </div>
</div>
`;

exports[`BasicFilterContainer can select dropdown filter options 2`] = `
<div
  className="bf-container section-light bf-expanded"
  id=""
>
  <div
    className="basic-filter"
  >
    <BasicFilter
      code="Grade"
      disabled={false}
      filterOptions={
        Array [
          Object {
            "filterType": "Grade",
            "isSelected": false,
            "key": "7",
            "label": "Grades 3-5",
          },
          Object {
            "filterType": "Grade",
            "isSelected": false,
            "key": "56",
            "label": "Grades 6-8",
          },
          Object {
            "filterType": "Grade",
            "isSelected": false,
            "key": "960",
            "label": "High School",
          },
        ]
      }
      key="0"
      label="Grade"
      selectedHandler={[Function]}
      type={3}
    />
    <BasicFilter
      code="Subject"
      disabled={false}
      filterOptions={
        Array [
          Object {
            "filterType": "Subject",
            "isSelected": false,
            "key": "ELA",
            "label": "English Literacy/ Arts",
          },
          Object {
            "filterType": "Subject",
            "isSelected": false,
            "key": "Math",
            "label": "Mathematics",
          },
        ]
      }
      key="1"
      label="Subjects"
      selectedHandler={[Function]}
      type={2}
    />
  </div>
</div>
`;

exports[`BasicFilterContainer can select dropdown filter options 3`] = `
<div
  className="bf-container section-light bf-expanded"
  id=""
>
  <div
    className="basic-filter"
  >
    <BasicFilter
      code="Grade"
      disabled={false}
      filterOptions={
        Array [
          Object {
            "filterType": "Grade",
            "isSelected": false,
            "key": "7",
            "label": "Grades 3-5",
          },
          Object {
            "filterType": "Grade",
            "isSelected": false,
            "key": "56",
            "label": "Grades 6-8",
          },
          Object {
            "filterType": "Grade",
            "isSelected": false,
            "key": "960",
            "label": "High School",
          },
        ]
      }
      key="0"
      label="Grade"
      selectedHandler={[Function]}
      type={3}
    />
    <BasicFilter
      code="Subject"
      disabled={false}
      filterOptions={
        Array [
          Object {
            "filterType": "Subject",
            "isSelected": false,
            "key": "ELA",
            "label": "English Literacy/ Arts",
          },
          Object {
            "filterType": "Subject",
            "isSelected": false,
            "key": "Math",
            "label": "Mathematics",
          },
        ]
      }
      key="1"
      label="Subjects"
      selectedHandler={[Function]}
      type={2}
    />
  </div>
</div>
`;

exports[`BasicFilterContainer can select dropdown filter options 4`] = `
<div
  className="bf-container section-light bf-expanded"
  id=""
>
  <div
    className="basic-filter"
  >
    <BasicFilter
      code="Grade"
      disabled={false}
      filterOptions={
        Array [
          Object {
            "filterType": "Grade",
            "isSelected": false,
            "key": "7",
            "label": "Grades 3-5",
          },
          Object {
            "filterType": "Grade",
            "isSelected": false,
            "key": "56",
            "label": "Grades 6-8",
          },
          Object {
            "filterType": "Grade",
            "isSelected": false,
            "key": "960",
            "label": "High School",
          },
        ]
      }
      key="0"
      label="Grade"
      selectedHandler={[Function]}
      type={3}
    />
    <BasicFilter
      code="Subject"
      disabled={false}
      filterOptions={
        Array [
          Object {
            "filterType": "Subject",
            "isSelected": false,
            "key": "ELA",
            "label": "English Literacy/ Arts",
          },
          Object {
            "filterType": "Subject",
            "isSelected": false,
            "key": "Math",
            "label": "Mathematics",
          },
        ]
      }
      key="1"
      label="Subjects"
      selectedHandler={[Function]}
      type={2}
    />
  </div>
</div>
`;

exports[`BasicFilterContainer can select radio button filter options 1`] = `
<div
  className="bf-container section-light bf-expanded"
  id=""
>
  <div
    className="basic-filter"
  >
    <BasicFilter
      code="Grade"
      disabled={false}
      filterOptions={
        Array [
          Object {
            "filterType": "Grade",
            "isSelected": false,
            "key": "7",
            "label": "Grades 3-5",
          },
          Object {
            "filterType": "Grade",
            "isSelected": false,
            "key": "56",
            "label": "Grades 6-8",
          },
          Object {
            "filterType": "Grade",
            "isSelected": false,
            "key": "960",
            "label": "High School",
          },
        ]
      }
      key="0"
      label="Grade"
      selectedHandler={[Function]}
      type={3}
    />
    <BasicFilter
      code="Subject"
      disabled={false}
      filterOptions={
        Array [
          Object {
            "filterType": "Subject",
            "isSelected": true,
            "key": "ELA",
            "label": "English Literacy/ Arts",
          },
          Object {
            "filterType": "Subject",
            "isSelected": false,
            "key": "Math",
            "label": "Mathematics",
          },
        ]
      }
      key="1"
      label="Subjects"
      selectedHandler={[Function]}
      type={2}
    />
  </div>
</div>
`;

exports[`BasicFilterContainer can select radio button filter options 2`] = `
<div
  className="bf-container section-light bf-expanded"
  id=""
>
  <div
    className="basic-filter"
  >
    <BasicFilter
      code="Grade"
      disabled={false}
      filterOptions={
        Array [
          Object {
            "filterType": "Grade",
            "isSelected": false,
            "key": "7",
            "label": "Grades 3-5",
          },
          Object {
            "filterType": "Grade",
            "isSelected": false,
            "key": "56",
            "label": "Grades 6-8",
          },
          Object {
            "filterType": "Grade",
            "isSelected": false,
            "key": "960",
            "label": "High School",
          },
        ]
      }
      key="0"
      label="Grade"
      selectedHandler={[Function]}
      type={3}
    />
    <BasicFilter
      code="Subject"
      disabled={false}
      filterOptions={
        Array [
          Object {
            "filterType": "Subject",
            "isSelected": false,
            "key": "ELA",
            "label": "English Literacy/ Arts",
          },
          Object {
            "filterType": "Subject",
            "isSelected": true,
            "key": "Math",
            "label": "Mathematics",
          },
        ]
      }
      key="1"
      label="Subjects"
      selectedHandler={[Function]}
      type={2}
    />
  </div>
</div>
`;

exports[`BasicFilterContainer expands the advanced filter 1`] = `
<div
  className="bf-container section-light"
  id=""
>
  <div
    className="basic-filter"
  >
    <BasicFilter
      code="Grade"
      disabled={false}
      filterOptions={
        Array [
          Object {
            "filterType": "Grade",
            "isSelected": false,
            "key": "7",
            "label": "Grades 3-5",
          },
          Object {
            "filterType": "Grade",
            "isSelected": false,
            "key": "56",
            "label": "Grades 6-8",
          },
          Object {
            "filterType": "Grade",
            "isSelected": false,
            "key": "960",
            "label": "High School",
          },
        ]
      }
      key="0"
      label="Grade"
      selectedHandler={[Function]}
      type={3}
    />
    <BasicFilter
      code="Subject"
      disabled={false}
      filterOptions={
        Array [
          Object {
            "filterType": "Subject",
            "isSelected": false,
            "key": "ELA",
            "label": "English Literacy/ Arts",
          },
          Object {
            "filterType": "Subject",
            "isSelected": false,
            "key": "Math",
            "label": "Mathematics",
          },
        ]
      }
      key="1"
      label="Subjects"
      selectedHandler={[Function]}
      type={2}
    />
  </div>
  <div
    className="bf-button-container"
  >
    <span>
      <button
        className="btn btn-default filter-button"
      >
        Reset
      </button>
    </span>
    <span>
      <button
        className="btn btn-default filter-button af-expand"
        onClick={[Function]}
      >
        Advanced Filters 
        <span
          aria-hidden="true"
          className="fa fa-chevron-right"
        />
      </button>
    </span>
  </div>
</div>
`;

exports[`BasicFilterContainer expands the advanced filter 2`] = `
<div
  className="bf-container section-light bf-expanded"
  id=""
>
  <div
    className="basic-filter"
  >
    <BasicFilter
      code="Grade"
      disabled={false}
      filterOptions={
        Array [
          Object {
            "filterType": "Grade",
            "isSelected": false,
            "key": "7",
            "label": "Grades 3-5",
          },
          Object {
            "filterType": "Grade",
            "isSelected": false,
            "key": "56",
            "label": "Grades 6-8",
          },
          Object {
            "filterType": "Grade",
            "isSelected": false,
            "key": "960",
            "label": "High School",
          },
        ]
      }
      key="0"
      label="Grade"
      selectedHandler={[Function]}
      type={3}
    />
    <BasicFilter
      code="Subject"
      disabled={false}
      filterOptions={
        Array [
          Object {
            "filterType": "Subject",
            "isSelected": false,
            "key": "ELA",
            "label": "English Literacy/ Arts",
          },
          Object {
            "filterType": "Subject",
            "isSelected": true,
            "key": "Math",
            "label": "Mathematics",
          },
        ]
      }
      key="1"
      label="Subjects"
      selectedHandler={[Function]}
      type={2}
    />
  </div>
  <div
    className="bf-button-container"
  >
    <span>
      <button
        className="btn btn-default filter-button"
      >
        Reset
      </button>
    </span>
    <span>
      <button
        className="btn btn-default filter-button af-expand"
        onClick={[Function]}
      >
        Advanced Filters 
        <span
          aria-hidden="true"
          className="fa fa-chevron-down"
        />
      </button>
    </span>
  </div>
</div>
`;

exports[`BasicFilterContainer expands the advanced filter 3`] = `
<div
  className="bf-container section-light"
  id=""
>
  <div
    className="basic-filter"
  >
    <BasicFilter
      code="Grade"
      disabled={false}
      filterOptions={
        Array [
          Object {
            "filterType": "Grade",
            "isSelected": false,
            "key": "7",
            "label": "Grades 3-5",
          },
          Object {
            "filterType": "Grade",
            "isSelected": false,
            "key": "56",
            "label": "Grades 6-8",
          },
          Object {
            "filterType": "Grade",
            "isSelected": false,
            "key": "960",
            "label": "High School",
          },
        ]
      }
      key="0"
      label="Grade"
      selectedHandler={[Function]}
      type={3}
    />
    <BasicFilter
      code="Subject"
      disabled={false}
      filterOptions={
        Array [
          Object {
            "filterType": "Subject",
            "isSelected": false,
            "key": "ELA",
            "label": "English Literacy/ Arts",
          },
          Object {
            "filterType": "Subject",
            "isSelected": true,
            "key": "Math",
            "label": "Mathematics",
          },
        ]
      }
      key="1"
      label="Subjects"
      selectedHandler={[Function]}
      type={2}
    />
  </div>
  <div
    className="bf-button-container"
  >
    <span>
      <button
        className="btn btn-default filter-button"
      >
        Reset
      </button>
    </span>
    <span>
      <button
        className="btn btn-default filter-button af-expand"
        onClick={[Function]}
      >
        Advanced Filters 
        <span
          aria-hidden="true"
          className="fa fa-chevron-right"
        />
      </button>
    </span>
  </div>
</div>
`;

exports[`BasicFilterContainer resets filters on keyboard events 1`] = `
<div
  className="bf-container section-light bf-expanded"
  id=""
>
  <div
    className="basic-filter"
  >
    <BasicFilter
      code="Grade"
      disabled={false}
      filterOptions={
        Array [
          Object {
            "filterType": "Grade",
            "isSelected": false,
            "key": "7",
            "label": "Grades 3-5",
          },
          Object {
            "filterType": "Grade",
            "isSelected": false,
            "key": "56",
            "label": "Grades 6-8",
          },
          Object {
            "filterType": "Grade",
            "isSelected": false,
            "key": "960",
            "label": "High School",
          },
        ]
      }
      key="0"
      label="Grade"
      selectedHandler={[Function]}
      type={3}
    />
    <BasicFilter
      code="Subject"
      disabled={false}
      filterOptions={
        Array [
          Object {
            "filterType": "Subject",
            "isSelected": false,
            "key": "ELA",
            "label": "English Literacy/ Arts",
          },
          Object {
            "filterType": "Subject",
            "isSelected": true,
            "key": "Math",
            "label": "Mathematics",
          },
        ]
      }
      key="1"
      label="Subjects"
      selectedHandler={[Function]}
      type={2}
    />
  </div>
</div>
`;

exports[`BasicFilterContainer resets filters on keyboard events 2`] = `
<div
  className="bf-container section-light bf-expanded"
  id=""
>
  <div
    className="basic-filter"
  >
    <BasicFilter
      code="Grade"
      disabled={false}
      filterOptions={
        Array [
          Object {
            "filterType": "Grade",
            "isSelected": false,
            "key": "7",
            "label": "Grades 3-5",
          },
          Object {
            "filterType": "Grade",
            "isSelected": false,
            "key": "56",
            "label": "Grades 6-8",
          },
          Object {
            "filterType": "Grade",
            "isSelected": false,
            "key": "960",
            "label": "High School",
          },
        ]
      }
      key="0"
      label="Grade"
      selectedHandler={[Function]}
      type={3}
    />
    <BasicFilter
      code="Subject"
      disabled={false}
      filterOptions={
        Array [
          Object {
            "filterType": "Subject",
            "isSelected": false,
            "key": "ELA",
            "label": "English Literacy/ Arts",
          },
          Object {
            "filterType": "Subject",
            "isSelected": true,
            "key": "Math",
            "label": "Mathematics",
          },
        ]
      }
      key="1"
      label="Subjects"
      selectedHandler={[Function]}
      type={2}
    />
  </div>
</div>
`;

exports[`BasicFilterContainer resets filters on keyboard events 3`] = `
<div
  className="bf-container section-light bf-expanded"
  id=""
>
  <div
    className="basic-filter"
  >
    <BasicFilter
      code="Grade"
      disabled={false}
      filterOptions={
        Array [
          Object {
            "filterType": "Grade",
            "isSelected": false,
            "key": "7",
            "label": "Grades 3-5",
          },
          Object {
            "filterType": "Grade",
            "isSelected": false,
            "key": "56",
            "label": "Grades 6-8",
          },
          Object {
            "filterType": "Grade",
            "isSelected": false,
            "key": "960",
            "label": "High School",
          },
        ]
      }
      key="0"
      label="Grade"
      selectedHandler={[Function]}
      type={3}
    />
    <BasicFilter
      code="Subject"
      disabled={false}
      filterOptions={
        Array [
          Object {
            "filterType": "Subject",
            "isSelected": false,
            "key": "ELA",
            "label": "English Literacy/ Arts",
          },
          Object {
            "filterType": "Subject",
            "isSelected": true,
            "key": "Math",
            "label": "Mathematics",
          },
        ]
      }
      key="1"
      label="Subjects"
      selectedHandler={[Function]}
      type={2}
    />
  </div>
</div>
`;
